#-----------------------------------------------------------
# Webtalk v2015.4 (64-bit)
# SW Build 1412921 on Wed Nov 18 09:44:32 MST 2015
# IP Build 1412160 on Tue Nov 17 13:47:24 MST 2015
# Start of session at: Thu Apr  6 17:33:04 2023
# Process ID: 100509
# Current directory: /home/shahriar/IDEAS/papers/remote-attestation/implementations/hardware/raz/raz.sim/sim_1/behav
# Command line: wbtcv -mode batch -source /home/shahriar/IDEAS/papers/remote-attestation/implementations/hardware/raz/raz.sim/sim_1/behav/xsim.dir/dec512_behav/webtalk/xsim_webtalk.tcl -notrace
# Log file: /home/shahriar/IDEAS/papers/remote-attestation/implementations/hardware/raz/raz.sim/sim_1/behav/webtalk.log
# Journal file: /home/shahriar/IDEAS/papers/remote-attestation/implementations/hardware/raz/raz.sim/sim_1/behav/webtalk.jou
#-----------------------------------------------------------
source /home/shahriar/IDEAS/papers/remote-attestation/implementations/hardware/raz/raz.sim/sim_1/behav/xsim.dir/dec512_behav/webtalk/xsim_webtalk.tcl -notrace
